[ashaychangwani.com/index.html]
[backblue.gif]
[fade.gif]
[index.html]
[ashaychangwani.com/images/logo.png]
[ashaychangwani.com/public/head.js]
[ashaychangwani.com/public/styles.css]
[ashaychangwani.com/index-2.html]
[ashaychangwani.com/images/fallback/hero-bg-large--1x.png]
[ashaychangwani.com/images/fallback/pixel-bg-large--1x.png]
[ashaychangwani.com/images/fallback/animation-bg-large--1x.png]
[ashaychangwani.com/images/fallback/interactive-bg-large--1x.png]
[ashaychangwani.com/images/fallback/dimensions-bg-large--1x.png]
[ashaychangwani.com/images/gallery_picture_1.jpg]
[ashaychangwani.com/images/gallery_picture_2.jpg]
[ashaychangwani.com/images/gallery_picture_3.jpg]
[ashaychangwani.com/images/gallery_picture_4.jpg]
[ashaychangwani.com/images/gallery_picture_5.jpg]
[ashaychangwani.com/images/gallery_picture_6.jpg]
[ashaychangwani.com/images/resume-numb-1.png]
[ashaychangwani.com/images/resume-numb-2.png]
[ashaychangwani.com/images/School-gif.gif]
[ashaychangwani.com/images/twerp-demo.gif]
[ashaychangwani.com/images/lahacks-demo.gif]
[ashaychangwani.com/images/wastenot-demo.gif]
[ashaychangwani.com/images/gptutor-demo.gif]
[ashaychangwani.com/images/gptutor-demo2.gif]
[ashaychangwani.com/images/gptutor-demo3.gif]
[ashaychangwani.com/images/catcaptions-demo.gif]
[ashaychangwani.com/images/snake.gif]
[ashaychangwani.com/images/spymaster.gif]
[ashaychangwani.com/images/splitwise.gif]
[ashaychangwani.com/images/particle.gif]
[ashaychangwani.com/images/rope.gif]
[ashaychangwani.com/images/spring.gif]
[ashaychangwani.com/images/Github.gif]
[ashaychangwani.com/images/eyetracker.gif]
[ashaychangwani.com/public/main.js]
[ashaychangwani.com/index.html]
[ashaychangwani.com/public/52ce32a338a3057de64c3528a8571a7f.woff2]
[ashaychangwani.com/public/8b7f6754d12df7ff7d2f1aa77f9ee60d.woff]
[ashaychangwani.com/public/dae5654a2e5ffdaf0057259047ba7834.woff2]
[ashaychangwani.com/public/6a6f588a09b12435164b3000ddef9492.woff]
[ashaychangwani.com/public/ac1dbc3a2cc16a39ee69152e60e7d608.woff2]
[ashaychangwani.com/public/3807be14386a6352ed314e8c6834b2c3.woff]
[ashaychangwani.com/public/4c25ad540087c6c91e1a512489228e10.woff2]
[ashaychangwani.com/public/c47c98b0c378fb434f6a083c2fc54ca7.woff]
[ashaychangwani.com/images/fallback/whyte-d.gif]
[ashaychangwani.com/public/467c747748142f13a35db560c3c27a2f.jpg]
[ashaychangwani.com/public/547e1ceaee74b8b69458f44bef600f22.svg]
[ashaychangwani.com/public/deadfeb192dd6edf1664ab4c4f027496.svg]
[ashaychangwani.com/public/01d20d3de8099c475ce7186c6d779775.svg]
[ashaychangwani.com/public/0a08278b1f076ca2e18fcd705ee6d122.svg]
[ashaychangwani.com/public/styles.css]
[ashaychangwani.com/index-2.html]
[ashaychangwani.com/public/547e1ceaee74b8b69458f44bef600f22.svg]
[ashaychangwani.com/public/deadfeb192dd6edf1664ab4c4f027496.svg]
[ashaychangwani.com/public/01d20d3de8099c475ce7186c6d779775.svg]
[ashaychangwani.com/public/0a08278b1f076ca2e18fcd705ee6d122.svg]
