[www.rorybourdon.com/index.html]
[www.rorybourdon.com/site.webmanifest]
[www.rorybourdon.com/safari-pinned-tab.svg]
[backblue.gif]
[fade.gif]
[index.html]
[www.rorybourdon.com/_next/static/media/939b5075d50998ef-s.p.woff2]
[www.rorybourdon.com/_next/static/css/6a8541574e06a80e.css]
[www.rorybourdon.com/_next/static/chunks/polyfills-78c92fac7aa8fdd8.js]
[www.rorybourdon.com/_next/static/chunks/866.571998bd3f619572.js]
[www.rorybourdon.com/_next/static/chunks/915.ff2261f7f92d935c.js]
[www.rorybourdon.com/_next/static/chunks/730.62f6173089b9023f.js]
[www.rorybourdon.com/_next/static/chunks/375.72ef593ad1c239df.js]
[www.rorybourdon.com/_next/static/chunks/490-32a1a15adb581442.js]
[www.rorybourdon.com/_next/static/chunks/332.934c21544bd74748.js]
[www.rorybourdon.com/_next/static/chunks/671-de625b10177bbca6.js]
[www.rorybourdon.com/_next/static/chunks/785.d958ec91746827a6.js]
[www.rorybourdon.com/_next/static/chunks/webpack-f12d199bf759a061.js]
[www.rorybourdon.com/_next/static/chunks/framework-7a7e500878b44665.js]
[www.rorybourdon.com/_next/static/chunks/main-db4e1874517317ba.js]
[www.rorybourdon.com/_next/static/chunks/pages/_app-43d14ae481dab59d.js]
[www.rorybourdon.com/_next/static/chunks/746-7fda605dcbff8dd7.js]
[www.rorybourdon.com/_next/static/chunks/pages/index-9af3bc927528e583.js]
[www.rorybourdon.com/_next/static/fieOke7ZCGY6sBLqjQLht/_buildManifest.js]
[www.rorybourdon.com/_next/static/fieOke7ZCGY6sBLqjQLht/_ssgManifest.js]
[www.rorybourdon.com/Rory_Bourdon_Resume_2021.pdf]
[www.rorybourdon.com/skills/react.html]
[www.rorybourdon.com/skills/javascript.html]
[www.rorybourdon.com/skills/nextjs.html]
[www.rorybourdon.com/skills/framer-motion.html]
[www.rorybourdon.com/skills/html.html]
[www.rorybourdon.com/skills/css.html]
[www.rorybourdon.com/skills/git.html]
[www.rorybourdon.com/skills.html]
[www.rorybourdon.com/contact]
[www.rorybourdon.com/index.html]
[www.rorybourdon.com/safari-pinned-tab.svg]
[www.rorybourdon.com/projects.html]
[www.rorybourdon.com/_next/static/media/5f3f18773a22b359-s.woff2]
[www.rorybourdon.com/_next/static/media/381d7763ebd33b86-s.woff2]
[www.rorybourdon.com/_next/static/media/40eeb93e53b2c40e-s.woff2]
[www.rorybourdon.com/_next/static/media/c44159b2f652841f-s.woff2]
[www.rorybourdon.com/_next/static/css/6a8541574e06a80e.css]
[www.rorybourdon.com/_next/static/chunks/838-bc20315478bf2432.js]
[www.rorybourdon.com/_next/static/chunks/513-d20510dd0b197309.js]
[www.rorybourdon.com/_next/static/chunks/pages/skills/[skill]-f4ca36fb5c546207.js]
[www.rorybourdon.com/skills/react.html]
[www.rorybourdon.com/_next/wpg29N3FR9ei2nny6pyC447a.svg]
[www.rorybourdon.com/skills/javascript.html]
[www.rorybourdon.com/skills/nextjs.html]
[www.rorybourdon.com/_next/5Vz9zj4yTAWZV4rl4bzY95ac.svg]
[www.rorybourdon.com/skills/framer-motion.html]
[www.rorybourdon.com/skills/html.html]
[www.rorybourdon.com/_next/zfwibIaTRKmkTcYEN1BKa2df.svg]
[www.rorybourdon.com/skills/css.html]
[www.rorybourdon.com/skills/git.html]
[www.rorybourdon.com/_next/static/chunks/pages/skills-968f338a28f2ea54.js]
[www.rorybourdon.com/skills.html]
[www.rorybourdon.com/_next/static/chunks/pages/projects-a55432355623ee38.js]
[www.rorybourdon.com/projects.html]
[www.rorybourdon.com/_next/static/chunks/pages/contact-26454671863a08de.js]
[www.rorybourdon.com/contact]
[www.rorybourdon.com/_next/wpg29N3FR9ei2nny6pyC447a.svg]
[www.rorybourdon.com/_next/pRoxNvzRiqOyJCKUPwqgd83c.svg]
[www.rorybourdon.com/_next/5Vz9zj4yTAWZV4rl4bzY95ac.svg]
[www.rorybourdon.com/_next/pJTcz0eRSqqOBrpUc2QA1bdd.svg]
[www.rorybourdon.com/_next/zfwibIaTRKmkTcYEN1BKa2df.svg]
[www.rorybourdon.com/_next/ZFbrxDvrQsCUqUfwCTDTa60a.svg]
[www.rorybourdon.com/_next/p3ip2tYFTUeTUfQInilf0a58.svg]
